Windows PowerShell
Copyright (C) Microsoft Corporation. All rights reserved.

Try the new cross-platform PowerShell https://aka.ms/pscore6

PS C:\Users\Nickson Dossantos\Documents\NicksonDossantos.github.io> ssh-keygen -t rsa
Generating public/private rsa key pair.
Enter file in which to save the key (C:\Users\Nickson Dossantos/.ssh/id_rsa): 
C:\Users\Nickson Dossantos/.ssh/id_rsa already exists.
Overwrite (y/n)? y
Enter passphrase (empty for no passphrase): 
Enter same passphrase again: 
Your identification has been saved in C:\Users\Nickson Dossantos/.ssh/id_rsa.
Your public key has been saved in C:\Users\Nickson Dossantos/.ssh/id_rsa.pub.
The key fingerprint is:
SHA256:SFjYeRU5Ku1tIXyl9oFu/RnmLAKZLojIRKwzAM39FB8 nickson dossantos@Nisaias-PC
The key's randomart image is:
| o . oooE.oo     |
|. o oo+...o .    |
|o   .o.+.. =     |
|.o   .o.= * .    |
|+     .oSO + .   |
|+.      = = o o  |
|o+ . . . +   = o |
|       .   . .   |
+----[SHA256]-----+
ssh-rsa AAAAB3NzaC1yc2EAAAADAQABAAABgQC0fdLuyRt76hHgsieWgocJCqAaHUCR09VpJVZ0TJZIwdndhB9p5ZdAFXVn9KkkJrg/M8wt/Ln1Y7aDbxkaZzKWMDUndIzsslF6cT6kBrHH6PcsZ9l7WOugqxtlmCeBASDtfAViEG9qzJqYWfxGBUaulfk4Dh4ZQSdSX+xbt3oC3pt3iKB7EvrjiP++X1eUPwd7ZEaMDUhtXhQ76Z3aprZOMrXmgyLIN1IFHcIA3z/gGXFwIuW6p/tnt7xdndGivot+EgbcEcD4A4pF8MntGEXCYWoSMF6yMqEnEtZZi292OFnqpTDqPkNLw4p29rQZkhLHCyVdV8nW27CQuNrLYjgkksdiLhCgvOgbHg44U41POAhVGNRnzGQ47UY9fBiXsWvgQF9Zt0Qq4B9HQF8d8b/3NsX8DvPUFv3RAbuSavNayZtHTp1jaZW6O7txgOYFMT1mHy20bNE6mDwU1QvGqBnFAJ1kH5KQ4MtcKtTQ6Klhxt9IpUSTghHJ2trFTOJX/Sc= nickson dossantos@Nisaias-PC    + CategoryInfo          : InvalidArgument: (:) [Get-Content], ParameterBindingException
PS C:\Users\Nickson Dossantos\Documents\NicksonDossantos.github.io> ssh-keyscan -t rsa github.com >> ~/.ssh/known_hosts
# github.com:22 SSH-2.0-babeld-e47cd09f
PS C:\Users\Nickson Dossantos\Documents\NicksonDossantos.github.io> git config --global user.name"Nickson DosSantos" 
error: invalid key: user.nameNickson DosSantos
PS C:\Users\Nickson Dossantos\Documents\NicksonDossantos.github.io> git config --global user.email"ndossantos@student.bridgew.edu" 
PS C:\Users\Nickson Dossantos\Documents\NicksonDossantos.github.io> git config --global user.name
Nickson Dossantos
PS C:\Users\Nickson Dossantos\Documents\NicksonDossantos.github.io> git config --global user.email
63924606+Electronick79@users.noreply.github.com
PS C:\Users\Nickson Dossantos\Documents\NicksonDossantos.github.io>


https://github.com/Electronick79/NicksonDossantos.github.io.git
https://github.com/Electronick79/NicksonDossantos.github.io.git

##############################################################################################################################################
Secon triald 

Windows PowerShell
Copyright (C) Microsoft Corporation. All rights reserved.

Try the new cross-platform PowerShell https://aka.ms/pscore6

PS C:\Users\Nickson Dossantos> ssh-keygen -t rsa
Generating public/private rsa key pair.
Enter file in which to save the key (C:\Users\Nickson Dossantos/.ssh/id_rsa): 
C:\Users\Nickson Dossantos/.ssh/id_rsa already exists.
Overwrite (y/n)? y
Enter passphrase (empty for no passphrase): 
Enter same passphrase again: 
Your identification has been saved in C:\Users\Nickson Dossantos/.ssh/id_rsa.
Your public key has been saved in C:\Users\Nickson Dossantos/.ssh/id_rsa.pub.
SHA256:PzcUjd+M1EC/g2wi1QY5NoidGRtiJoVVqohOWi/FVjE nickson dossantos@Nisaias-PC
The key's randomart image is:
+---[RSA 3072]----+
|     .++o=o=oo + |
|  .....   . o+.+.|
|... .     o o    |
|                 |
ssh-rsa AAAAB3NzaC1yc2EAAAADAQABAAABgQDDjTEZsF8+zAMrbcBSWE1LnufyRLiewtTravL8CXLciaN0XUhd79sfJmHqiSLX+NsvVsiOQBnb49SfI4gS2/7TUJUovx/L+uMW53AYj/fw80pGzDAZGdffJq64q6WJixtyOrPg2dg1dmyFfgrgTzE0kRcQAww55K18vyG6rh4cII0yjoufZtPaXEMZ7JXLr9iqui66UI8so2quw6hFINTLEaFXGjX0O8o9mbBuLCNTJAxAS1x1DH8BqBr8jP5gPKat3353H3PQOAl2gpiXnXEdAfvvMKYT+SQzPDnzgJE= nickson dossantos@Nisaias-PC
PS C:\Users\Nickson Dossantos> ssh-keyscan -t rsa github.com >> ~/.ssh/known_hosts
# github.com:22 SSH-2.0-babeld-e47cd09f
PS C:\Users\Nickson Dossantos> git config --global user.name"Nickson DosSantos"
error: invalid key: user.nameNickson DosSantos
PS C:\Users\Nickson Dossantos> git config --global user.email"ndossantos@student.bridgew.edu"
PS C:\Users\Nickson Dossantos> git config user.name
Nickson Dossantos
PS C:\Users\Nickson Dossantos> git config user.email
63924606+Electronick79@users.noreply.github.com
PS C:\Users\Nickson Dossantos> git config --global user.email"ndossantos@student.bridgew.edu"
PS C:\Users\Nickson Dossantos> git config user.email
63924606+Electronick79@users.noreply.github.com
PS C:\Users\Nickson Dossantos> cat ~/.ssh/id_rsa.pub
ssh-rsa AAAAB3NzaC1yc2EAAAADAQABAAABgQDDjTEZsF8+zAMrbcBSWE1LnufyRLiewtTravL8CXLciaN0XUhd79sfJmHqiSLX+NsvVsiOQBnb49SfI4gS2/7TUJUovx/L+uMW53AYj/fw80pGzDAZGdffJq64q6WJixtyOrPg2dg1dmyFfgrgTzE0kRcQAww55K18vyG6rh4cII0yjoufSR+/qb8ZTShnQmmxRaICCmPtIwHDsBZeJ2fuTlWI/+RNtxhSnuMxxZoIxqQ4Bg24MmoiaR7XRVRwW9H4bH2DjXynRqSI7CwnAiWKT81Epm9nZAyqzT/cc+nQWDjXAbBg8SPbpC2AUcQai4zJ9zGD1kSCF0OTj9nsGpncjMJlUlIsGUd1/+PysdKlawALCJaYxzsyYFEy7V31Ji74i+US76eGZtPaXEMZ7JXLr9iqui66UI8so2quw6hFINTLEaFXGjX0O8o9mbBuLCNTJAxAS1x1DH8BqBr8jP5gPKat3353H3PQOAl2gpiXnXEdAfvvMKYT+SQzPDnzgJE= nickson dossantos@Nisaias-PC
PS C:\Users\Nickson Dossantos>



@@@@@@@@@@@@@@@@@@@@@@@@@@@@@@@@@@@@@@@@@@@@@@@@@@@@@@@@@@@@@@@@@@@@@@@@@@@@@@@@@@@@@@@@@@@@@@@@@@@@@@@@@@@@@@@@@@@@@@@@@@@@@@@@@@@@@@@@@@@@@@@@@



325: ATTENTION
Found a swap file by the name "C:/Users/Nickson Dossantos/Documents/NicksonDossantos.github.io/.git/.COMMIT_EDITMSG.swp"
          owned by: Nickson Dossantos   dated: Mon Jan 31 11:49:32 2022
         file name: ~Nickson Dossantos/Documents/NicksonDossantos.github.io/.git/COMMIT_EDITMSG
          modified: YES
         user name: Nickson Dossantos   host name: Nisaias-PC
        process ID: 1774
While opening file "C:/Users/Nickson Dossantos/Documents/NicksonDossantos.github.io/.git/COMMIT_EDITMSG"
             dated: Mon Jan 31 12:04:08 2022
      NEWER than swap file!

(1) Another program may be editing the same file.  If this is the case,
    be careful not to end up with two different instances of the same
    file when making changes.  Quit, or continue with caution.
(2) An edit session for this file crashed.
    If this is the case, use ":recover" or "vim -r C:/Users/Nickson Dossantos/Documents/NicksonDossantos.github.io/.git/COMMIT_EDITMSG"
    to recover the changes (see ":help recovery").
    If you did this already, delete the swap file "C:/Users/Nickson Dossantos/Documents/NicksonDossantos.github.io/.git/.COMMIT_EDITMSG.swp"
    to avoid this message.

Swap file "C:/Users/Nickson Dossantos/Documents/NicksonDossantos.github.io/.git/.COMMIT_EDITMSG.swp" already exists!
[O]pen Read-Only, (E)dit anyway, (R)ecover, (D)elete it, (Q)uit, (A)bort:





"githubPullRequests.remotes": [
  "origin",
  "upstream"
]



vscode://vscode.github-authentication/did-authenticate?windowid=1&code=c74cff5460a7b0ea6859&state=d406b506-e6fe-4b3c-b6a8-e1667835dc18

vscode://vscode.github-authentication/did-authenticate?windowid=1&code=96a37636d2bce058ca0f&state=516451ac-6caa-4b0e-810a-07995120a003

vscode://vscode.github-authentication/did-authenticate?windowid=1&code=0c0c5567722339779a5f&state=0eabeb1f-6859-4ef5-bc01-2c961d5046df

